<jest_stdout>